Archive member included to satisfy reference by file (symbol)

/usr/lib/gcc/arm-none-eabi/10.3.1/../../../arm-none-eabi/lib/thumb/v6-m/nofp/libstdc++.a(tree.o)
                              CMakeFiles/Tricorder_Sensor.dir/Tricorder_Sensor.cpp.obj (std::_Rb_tree_increment(std::_Rb_tree_node_base*))
/usr/lib/gcc/arm-none-eabi/10.3.1/../../../arm-none-eabi/lib/thumb/v6-m/nofp/libstdc++.a(functexcept.o)
                              CMakeFiles/Tricorder_Sensor.dir/Tricorder_Sensor.cpp.obj (std::__throw_bad_alloc())
/usr/lib/gcc/arm-none-eabi/10.3.1/../../../arm-none-eabi/lib/thumb/v6-m/nofp/libstdc++.a(snprintf_lite.o)
                              /usr/lib/gcc/arm-none-eabi/10.3.1/../../../arm-none-eabi/lib/thumb/v6-m/nofp/libstdc++.a(functexcept.o) (__gnu_cxx::__snprintf_lite(char*, unsigned int, char const*, std::__va_list))
/usr/lib/gcc/arm-none-eabi/10.3.1/../../../arm-none-eabi/lib/thumb/v6-m/nofp/libstdc++.a(string-inst.o)
                              CMakeFiles/Tricorder_Sensor.dir/Tricorder_Sensor.cpp.obj (std::__cxx11::basic_string<char, std::char_traits<char>, std::allocator<char> >::_M_create(unsigned int&, unsigned int))
/usr/lib/gcc/arm-none-eabi/10.3.1/../../../arm-none-eabi/lib/thumb/v6-m/nofp/libstdc++.a(bad_alloc.o)
                              /usr/lib/gcc/arm-none-eabi/10.3.1/../../../arm-none-eabi/lib/thumb/v6-m/nofp/libstdc++.a(functexcept.o) (std::bad_alloc::~bad_alloc())
/usr/lib/gcc/arm-none-eabi/10.3.1/../../../arm-none-eabi/lib/thumb/v6-m/nofp/libstdc++.a(bad_cast.o)
                              /usr/lib/gcc/arm-none-eabi/10.3.1/../../../arm-none-eabi/lib/thumb/v6-m/nofp/libstdc++.a(functexcept.o) (std::bad_cast::~bad_cast())
/usr/lib/gcc/arm-none-eabi/10.3.1/../../../arm-none-eabi/lib/thumb/v6-m/nofp/libstdc++.a(bad_typeid.o)
                              /usr/lib/gcc/arm-none-eabi/10.3.1/../../../arm-none-eabi/lib/thumb/v6-m/nofp/libstdc++.a(functexcept.o) (std::bad_typeid::~bad_typeid())
/usr/lib/gcc/arm-none-eabi/10.3.1/../../../arm-none-eabi/lib/thumb/v6-m/nofp/libstdc++.a(eh_alloc.o)
                              /usr/lib/gcc/arm-none-eabi/10.3.1/../../../arm-none-eabi/lib/thumb/v6-m/nofp/libstdc++.a(functexcept.o) (__cxa_allocate_exception)
/usr/lib/gcc/arm-none-eabi/10.3.1/../../../arm-none-eabi/lib/thumb/v6-m/nofp/libstdc++.a(eh_arm.o)
                              /usr/lib/gcc/arm-none-eabi/10.3.1/../../../arm-none-eabi/lib/thumb/v6-m/nofp/libstdc++.a(functexcept.o) (__cxa_end_cleanup)
/usr/lib/gcc/arm-none-eabi/10.3.1/../../../arm-none-eabi/lib/thumb/v6-m/nofp/libstdc++.a(eh_catch.o)
                              /usr/lib/gcc/arm-none-eabi/10.3.1/../../../arm-none-eabi/lib/thumb/v6-m/nofp/libstdc++.a(string-inst.o) (__cxa_begin_catch)
/usr/lib/gcc/arm-none-eabi/10.3.1/../../../arm-none-eabi/lib/thumb/v6-m/nofp/libstdc++.a(eh_exception.o)
                              /usr/lib/gcc/arm-none-eabi/10.3.1/../../../arm-none-eabi/lib/thumb/v6-m/nofp/libstdc++.a(bad_alloc.o) (std::exception::~exception())
/usr/lib/gcc/arm-none-eabi/10.3.1/../../../arm-none-eabi/lib/thumb/v6-m/nofp/libstdc++.a(eh_globals.o)
                              /usr/lib/gcc/arm-none-eabi/10.3.1/../../../arm-none-eabi/lib/thumb/v6-m/nofp/libstdc++.a(eh_catch.o) (__cxa_get_globals_fast)
/usr/lib/gcc/arm-none-eabi/10.3.1/../../../arm-none-eabi/lib/thumb/v6-m/nofp/libstdc++.a(eh_personality.o)
                              /usr/lib/gcc/arm-none-eabi/10.3.1/../../../arm-none-eabi/lib/thumb/v6-m/nofp/libstdc++.a(functexcept.o) (__gxx_personality_v0)
/usr/lib/gcc/arm-none-eabi/10.3.1/../../../arm-none-eabi/lib/thumb/v6-m/nofp/libstdc++.a(eh_terminate.o)
                              /usr/lib/gcc/arm-none-eabi/10.3.1/../../../arm-none-eabi/lib/thumb/v6-m/nofp/libstdc++.a(eh_alloc.o) (std::terminate())
/usr/lib/gcc/arm-none-eabi/10.3.1/../../../arm-none-eabi/lib/thumb/v6-m/nofp/libstdc++.a(eh_throw.o)
                              /usr/lib/gcc/arm-none-eabi/10.3.1/../../../arm-none-eabi/lib/thumb/v6-m/nofp/libstdc++.a(functexcept.o) (__cxa_throw)
/usr/lib/gcc/arm-none-eabi/10.3.1/../../../arm-none-eabi/lib/thumb/v6-m/nofp/libstdc++.a(eh_unex_handler.o)
                              /usr/lib/gcc/arm-none-eabi/10.3.1/../../../arm-none-eabi/lib/thumb/v6-m/nofp/libstdc++.a(eh_terminate.o) (__cxxabiv1::__unexpected_handler)
/usr/lib/gcc/arm-none-eabi/10.3.1/../../../arm-none-eabi/lib/thumb/v6-m/nofp/libstdc++.a(pure.o)
                              /usr/lib/gcc/arm-none-eabi/10.3.1/../../../arm-none-eabi/lib/thumb/v6-m/nofp/libstdc++.a(eh_exception.o) (__cxa_pure_virtual)
/usr/lib/gcc/arm-none-eabi/10.3.1/../../../arm-none-eabi/lib/thumb/v6-m/nofp/libstdc++.a(si_class_type_info.o)
                              /usr/lib/gcc/arm-none-eabi/10.3.1/../../../arm-none-eabi/lib/thumb/v6-m/nofp/libstdc++.a(bad_alloc.o) (vtable for __cxxabiv1::__si_class_type_info)
/usr/lib/gcc/arm-none-eabi/10.3.1/../../../arm-none-eabi/lib/thumb/v6-m/nofp/libstdc++.a(tinfo.o)
[...]
Memory Configuration

Name             Origin             Length             Attributes
FLASH            0x0000000010000000 0x0000000000200000 xr
RAM              0x0000000020000000 0x0000000000040000 xrw
SCRATCH_X        0x0000000020040000 0x0000000000001000 xrw
SCRATCH_Y        0x0000000020041000 0x0000000000001000 xrw
*default*        0x0000000000000000 0xffffffffffffffff

Linker script and memory map

LOAD /usr/lib/gcc/arm-none-eabi/10.3.1/thumb/v6-m/nofp/crti.o
LOAD /usr/lib/gcc/arm-none-eabi/10.3.1/thumb/v6-m/nofp/crtbegin.o
LOAD /usr/lib/gcc/arm-none-eabi/10.3.1/../../../arm-none-eabi/lib/thumb/v6-m/nofp/crt0.o

.flash_begin    0x0000000010000000        0x0
                0x0000000010000000                __flash_binary_start = .

.boot2          0x0000000010000000      0x100
                0x0000000010000000                __boot2_start__ = .
 *(.boot2)
 .boot2         0x0000000010000000      0x100 /tmp/ccCCIQ0v.o
                0x0000000010000100                __boot2_end__ = .
                0x0000000000000001                ASSERT (((__boot2_end__ - __boot2_start__) == 0x100), ERROR: Pico second stage bootloader must be 256 bytes in size)

.text           0x0000000010000100     0x22f0
                0x0000000010000100                __logical_binary_start = .
 *(.vectors)
 .vectors       0x0000000010000100       0xd4 CMakeFiles/Tricorder_Sensor.dir/home/dashy/pico-sdk/src/rp2_common/pico_standard_link/crt0.S.obj
                0x0000000010000100                __vectors
                0x0000000010000100                __VECTOR_TABLE
                0x00000000100001c0                isr_invalid
                0x00000000100001c0                __default_isrs_start
                0x00000000100001c2                isr_nmi
                0x00000000100001c4                isr_hardfault
                0x00000000100001c6                isr_svcall
                0x00000000100001c8                isr_pendsv
                0x00000000100001ca                isr_systick
                0x00000000100001cc                isr_irq30
                0x00000000100001cc                __unhandled_user_irq
                0x00000000100001cc                isr_irq13
                0x00000000100001cc                isr_irq27
                0x00000000100001cc                isr_irq31
                0x00000000100001cc                isr_irq5
                0x00000000100001cc                isr_irq11
                0x00000000100001cc                isr_irq23
                0x00000000100001cc                isr_irq18
                0x00000000100001cc                isr_irq28
                0x00000000100001cc                isr_irq19
                0x00000000100001cc                isr_irq0
                0x00000000100001cc                isr_irq6
                0x00000000100001cc                isr_irq22
                0x00000000100001cc                isr_irq17
                0x00000000100001cc                isr_irq14
                0x00000000100001cc                isr_irq2
                0x00000000100001cc                isr_irq10
                0x00000000100001cc                isr_irq8
                0x00000000100001cc                isr_irq24
                0x00000000100001cc                isr_irq1
                0x00000000100001cc                isr_irq7
                0x00000000100001cc                isr_irq21
                0x00000000100001cc                isr_irq20
                0x00000000100001cc                isr_irq15
                0x00000000100001cc                isr_irq25
                0x00000000100001cc                isr_irq4
                0x00000000100001cc                isr_irq16
                0x00000000100001cc                isr_irq29
                0x00000000100001cc                isr_irq26
                0x00000000100001cc                __default_isrs_end
                0x00000000100001cc                isr_irq3
                0x00000000100001cc                isr_irq12
                0x00000000100001cc                isr_irq9
                0x00000000100001d2                unhandled_user_irq_num_in_r0
 *(.binary_info_header)
 .binary_info_header
                0x00000000100001d4       0x14 CMakeFiles/Tricorder_Sensor.dir/home/dashy/pico-sdk/src/rp2_common/pico_standard_link/crt0.S.obj
                0x00000000100001e8                __binary_info_header_end = .
 *(.reset)
 .reset         0x00000000100001e8       0xa8 CMakeFiles/Tricorder_Sensor.dir/home/dashy/pico-sdk/src/rp2_common/pico_standard_link/crt0.S.obj
                0x00000000100001e8                _entry_point
                0x0000000010000266                __get_current_exception
 .reset         0x0000000010000290       0x24 CMakeFiles/Tricorder_Sensor.dir/home/dashy/pico-sdk/src/rp2_common/pico_standard_link/binary_info.c.obj
 *(.init)
 .init          0x00000000100002b4        0x4 /usr/lib/gcc/arm-none-eabi/10.3.1/thumb/v6-m/nofp/crti.o
                0x00000000100002b4                _init
 *(EXCLUDE_FILE(*libm.a: *libc.a:*lib_a-mem*.o *libgcc.a:) .text*)
 .text          0x00000000100002b8       0x98 /usr/lib/gcc/arm-none-eabi/10.3.1/thumb/v6-m/nofp/crtbegin.o
 .text.hw_claim_or_assert
                0x0000000010000350       0x44 CMakeFiles/Tricorder_Sensor.dir/home/dashy/pico-sdk/src/rp2_common/hardware_claim/claim.c.obj
                0x0000000010000350                hw_claim_or_assert
 .text.running_on_fpga
                0x0000000010000394       0x10 CMakeFiles/Tricorder_Sensor.dir/home/dashy/pico-sdk/src/rp2_common/pico_platform/platform.c.obj
                0x0000000010000394                running_on_fpga
 .text.spin_locks_reset
                0x00000000100003a4       0x1c CMakeFiles/Tricorder_Sensor.dir/home/dashy/pico-sdk/src/rp2_common/hardware_sync/sync.c.obj
                0x00000000100003a4                spin_locks_reset
 .text.next_striped_spin_lock_num
                0x00000000100003c0       0x18 CMakeFiles/Tricorder_Sensor.dir/home/dashy/pico-sdk/src/rp2_common/hardware_sync/sync.c.obj
                0x00000000100003c0                next_striped_spin_lock_num
 .text.timer_pool_entry_comparator
                0x00000000100003d8       0x34 CMakeFiles/Tricorder_Sensor.dir/home/dashy/pico-sdk/src/common/pico_time/time.c.obj
                0x00000000100003d8                timer_pool_entry_comparator
 .text.add_alarm_under_lock.isra.0
                0x000000001000040c      0x100 CMakeFiles/Tricorder_Sensor.dir/home/dashy/pico-sdk/src/common/pico_time/time.c.obj
 .text.alarm_pool_alarm_callback
                0x000000001000050c      0x1c8 CMakeFiles/Tricorder_Sensor.dir/home/dashy/pico-sdk/src/common/pico_time/time.c.obj
 .text.alarm_pool_init_default
                0x00000000100006d4       0x64 CMakeFiles/Tricorder_Sensor.dir/home/dashy/pico-sdk/src/common/pico_time/time.c.obj
                0x00000000100006d4                alarm_pool_init_default
 .text.hardware_alarm_irq_handler
                0x0000000010000738       0xb8 CMakeFiles/Tricorder_Sensor.dir/home/dashy/pico-sdk/src/rp2_common/hardware_timer/timer.c.obj
 .text.hardware_alarm_claim
                0x00000000100007f0       0x18 CMakeFiles/Tricorder_Sensor.dir/home/dashy/pico-sdk/src/rp2_common/hardware_timer/timer.c.obj
                0x00000000100007f0                hardware_alarm_claim
 .text.time_us_64
                0x0000000010000808       0x14 CMakeFiles/Tricorder_Sensor.dir/home/dashy/pico-sdk/src/rp2_common/hardware_timer/timer.c.obj
                0x0000000010000808                time_us_64
 .text.hardware_alarm_set_callback
                0x000000001000081c       0x8c CMakeFiles/Tricorder_Sensor.dir/home/dashy/pico-sdk/src/rp2_common/hardware_timer/timer.c.obj
                0x000000001000081c                hardware_alarm_set_callback
 .text.hardware_alarm_set_target
                0x00000000100008a8       0xe0 CMakeFiles/Tricorder_Sensor.dir/home/dashy/pico-sdk/src/rp2_common/hardware_timer/timer.c.obj
                0x00000000100008a8                hardware_alarm_set_target
 .text.hardware_alarm_cancel
                0x0000000010000988       0x3c CMakeFiles/Tricorder_Sensor.dir/home/dashy/pico-sdk/src/rp2_common/hardware_timer/timer.c.obj
                0x0000000010000988                hardware_alarm_cancel
 .text.lock_init
                0x00000000100009c4       0x10 CMakeFiles/Tricorder_Sensor.dir/home/dashy/pico-sdk/src/common/pico_sync/lock_core.c.obj
                0x00000000100009c4                lock_init
 .text.mutex_init
                0x00000000100009d4       0x1c CMakeFiles/Tricorder_Sensor.dir/home/dashy/pico-sdk/src/common/pico_sync/mutex.c.obj
                0x00000000100009d4                mutex_init
 .text.recursive_mutex_init
                0x00000000100009f0       0x1c CMakeFiles/Tricorder_Sensor.dir/home/dashy/pico-sdk/src/common/pico_sync/mutex.c.obj
                0x00000000100009f0                recursive_mutex_init
 .text.ph_merge_nodes
                0x0000000010000a0c       0x68 CMakeFiles/Tricorder_Sensor.dir/home/dashy/pico-sdk/src/common/pico_util/pheap.c.obj
 .text.ph_post_alloc_init
                0x0000000010000a74       0x3c CMakeFiles/Tricorder_Sensor.dir/home/dashy/pico-sdk/src/common/pico_util/pheap.c.obj
                0x0000000010000a74                ph_post_alloc_init
 .text.ph_merge_two_pass
                0x0000000010000ab0       0x90 CMakeFiles/Tricorder_Sensor.dir/home/dashy/pico-sdk/src/common/pico_util/pheap.c.obj
                0x0000000010000ab0                ph_merge_two_pass
 .text.ph_remove_any_head
                0x0000000010000b40       0xf8 CMakeFiles/Tricorder_Sensor.dir/home/dashy/pico-sdk/src/common/pico_util/pheap.c.obj
 .text.ph_remove_head
                0x0000000010000c38       0xfc CMakeFiles/Tricorder_Sensor.dir/home/dashy/pico-sdk/src/common/pico_util/pheap.c.obj
                0x0000000010000c38                ph_remove_head
 .text.ph_remove_and_free_node
                0x0000000010000d34       0x7c CMakeFiles/Tricorder_Sensor.dir/home/dashy/pico-sdk/src/common/pico_util/pheap.c.obj
                0x0000000010000d34                ph_remove_and_free_node
 .text.runtime_init
                0x0000000010000db0       0xf0 CMakeFiles/Tricorder_Sensor.dir/home/dashy/pico-sdk/src/rp2_common/pico_runtime/runtime.c.obj
                0x0000000010000db0                runtime_init
 .text._sbrk    0x0000000010000ea0       0x34 CMakeFiles/Tricorder_Sensor.dir/home/dashy/pico-sdk/src/rp2_common/pico_runtime/runtime.c.obj
                0x0000000010000ea0                _sbrk
 .text.exit     0x0000000010000ed4        0x4 CMakeFiles/Tricorder_Sensor.dir/home/dashy/pico-sdk/src/rp2_common/pico_runtime/runtime.c.obj
                0x0000000010000ed4                exit
 .text.panic    0x0000000010000ed8       0x30 CMakeFiles/Tricorder_Sensor.dir/home/dashy/pico-sdk/src/rp2_common/pico_runtime/runtime.c.obj
                0x0000000010000ed8                panic
 .text.hard_assertion_failure
                0x0000000010000f08        0xc CMakeFiles/Tricorder_Sensor.dir/home/dashy/pico-sdk/src/rp2_common/pico_runtime/runtime.c.obj
                0x0000000010000f08                hard_assertion_failure
 .text.clocks_init
                0x0000000010000f14      0x2bc CMakeFiles/Tricorder_Sensor.dir/home/dashy/pico-sdk/src/rp2_common/hardware_clocks/clocks.c.obj
                0x0000000010000f14                clocks_init
 .text.irq_set_enabled
                0x00000000100011d0       0x24 CMakeFiles/Tricorder_Sensor.dir/home/dashy/pico-sdk/src/rp2_common/hardware_irq/irq.c.obj
                0x00000000100011d0                irq_set_enabled
 .text.irq_get_vtable_handler
                0x00000000100011f4       0x10 CMakeFiles/Tricorder_Sensor.dir/home/dashy/pico-sdk/src/rp2_common/hardware_irq/irq.c.obj
                0x00000000100011f4                irq_get_vtable_handler
 .text.irq_set_exclusive_handler
                0x0000000010001204       0x54 CMakeFiles/Tricorder_Sensor.dir/home/dashy/pico-sdk/src/rp2_common/hardware_irq/irq.c.obj
                0x0000000010001204                irq_set_exclusive_handler
 .text.irq_remove_handler
                0x0000000010001258      0x1b4 CMakeFiles/Tricorder_Sensor.dir/home/dashy/pico-sdk/src/rp2_common/hardware_irq/irq.c.obj
                0x0000000010001258                irq_remove_handler
 .text.irq_add_tail_to_free_list
                0x000000001000140c       0xb4 CMakeFiles/Tricorder_Sensor.dir/home/dashy/pico-sdk/src/rp2_common/hardware_irq/irq.c.obj
                0x000000001000140c                irq_add_tail_to_free_list
 .text.irq_init_priorities
                0x00000000100014c0       0x24 CMakeFiles/Tricorder_Sensor.dir/home/dashy/pico-sdk/src/rp2_common/hardware_irq/irq.c.obj
                0x00000000100014c0                irq_init_priorities
 .text.pll_init
                0x00000000100014e4       0xb0 CMakeFiles/Tricorder_Sensor.dir/home/dashy/pico-sdk/src/rp2_common/hardware_pll/pll.c.obj
                0x00000000100014e4                pll_init
 .text.watchdog_start_tick
                0x0000000010001594       0x10 CMakeFiles/Tricorder_Sensor.dir/home/dashy/pico-sdk/src/rp2_common/hardware_watchdog/watchdog.c.obj
                0x0000000010001594                watchdog_start_tick
 .text.xosc_init
                0x00000000100015a4       0x28 CMakeFiles/Tricorder_Sensor.dir/home/dashy/pico-sdk/src/rp2_common/hardware_xosc/xosc.c.obj
                0x00000000100015a4                xosc_init
 .text._out_char
                0x00000000100015cc       0x10 CMakeFiles/Tricorder_Sensor.dir/home/dashy/pico-sdk/src/rp2_common/pico_printf/printf.c.obj
 .text.weak_raw_vprintf
                0x00000000100015dc       0x30 CMakeFiles/Tricorder_Sensor.dir/home/dashy/pico-sdk/src/rp2_common/pico_printf/printf.c.obj
                0x00000000100015dc                weak_raw_vprintf
 .text          0x000000001000160c       0x10 CMakeFiles/Tricorder_Sensor.dir/home/dashy/pico-sdk/src/rp2_common/pico_bit_ops/bit_ops_aeabi.S.obj
 .text.rom_func_lookup
                0x000000001000161c       0x10 CMakeFiles/Tricorder_Sensor.dir/home/dashy/pico-sdk/src/rp2_common/pico_bootrom/bootrom.c.obj
                0x000000001000161c                rom_func_lookup
 .text.rom_data_lookup
                0x000000001000162c       0x10 CMakeFiles/Tricorder_Sensor.dir/home/dashy/pico-sdk/src/rp2_common/pico_bootrom/bootrom.c.obj
                0x000000001000162c                rom_data_lookup
 .text.rom_funcs_lookup
                0x000000001000163c       0x44 CMakeFiles/Tricorder_Sensor.dir/home/dashy/pico-sdk/src/rp2_common/pico_bootrom/bootrom.c.obj
                0x000000001000163c                rom_funcs_lookup
 .text.__wrap___aeabi_uidiv
                0x0000000010001680       0x4c CMakeFiles/Tricorder_Sensor.dir/home/dashy/pico-sdk/src/rp2_common/pico_divider/divider.S.obj
                0x0000000010001680                __wrap___aeabi_uidiv
                0x0000000010001680                __wrap___aeabi_uidivmod
                0x0000000010001680                div_u32u32
                0x0000000010001680                divmod_u32u32
                0x0000000010001688                divmod_u32u32_unsafe
                0x00000000100016b0                divmod_u32u32_savestate
 .text.__aeabi_double_init
                0x00000000100016cc       0x94 CMakeFiles/Tricorder_Sensor.dir/home/dashy/pico-sdk/src/rp2_common/pico_double/double_init_rom.c.obj
                0x00000000100016cc                __aeabi_double_init
 .text.double_table_shim_on_use_helper
                0x0000000010001760       0x2c CMakeFiles/Tricorder_Sensor.dir/home/dashy/pico-sdk/src/rp2_common/pico_double/double_v1_rom_shim.S.obj
                0x0000000010001760                double_table_shim_on_use_helper
 .text.__aeabi_float_init
                0x000000001000178c       0x64 CMakeFiles/Tricorder_Sensor.dir/home/dashy/pico-sdk/src/rp2_common/pico_float/float_init_rom.c.obj
                0x000000001000178c                __aeabi_float_init
 .text.float_table_shim_on_use_helper
                0x00000000100017f0       0x2c CMakeFiles/Tricorder_Sensor.dir/home/dashy/pico-sdk/src/rp2_common/pico_float/float_v1_rom_shim.S.obj
                0x00000000100017f0                float_table_shim_on_use_helper
 .text.__wrap_malloc
                0x000000001000181c       0x24 CMakeFiles/Tricorder_Sensor.dir/home/dashy/pico-sdk/src/rp2_common/pico_malloc/pico_malloc.c.obj
                0x000000001000181c                __wrap_malloc
 .text          0x0000000010001840       0x10 CMakeFiles/Tricorder_Sensor.dir/home/dashy/pico-sdk/src/rp2_common/pico_mem_ops/mem_ops_aeabi.S.obj
                0x0000000010001840                __aeabi_mem_init
 .text.memcpy   0x0000000010001850        0xc CMakeFiles/Tricorder_Sensor.dir/home/dashy/pico-sdk/src/rp2_common/pico_mem_ops/mem_ops_aeabi.S.obj
                0x0000000010001850                __wrap___aeabi_memcpy
                0x0000000010001850                __wrap_memcpy
 .text.stdio_out_chars_no_crlf
                0x000000001000185c       0x10 CMakeFiles/Tricorder_Sensor.dir/home/dashy/pico-sdk/src/rp2_common/pico_stdio/stdio.c.obj
 .text.stdio_out_chars_crlf
                0x000000001000186c       0xb4 CMakeFiles/Tricorder_Sensor.dir/home/dashy/pico-sdk/src/rp2_common/pico_stdio/stdio.c.obj
 .text.stdio_put_string.isra.0
                0x0000000010001920       0xfc CMakeFiles/Tricorder_Sensor.dir/home/dashy/pico-sdk/src/rp2_common/pico_stdio/stdio.c.obj
 .text.__wrap_putchar
                0x0000000010001a1c       0xa0 CMakeFiles/Tricorder_Sensor.dir/home/dashy/pico-sdk/src/rp2_common/pico_stdio/stdio.c.obj
                0x0000000010001a1c                __wrap_putchar
 .text.__wrap_puts
                0x0000000010001abc       0x3c CMakeFiles/Tricorder_Sensor.dir/home/dashy/pico-sdk/src/rp2_common/pico_stdio/stdio.c.obj
                0x0000000010001abc                __wrap_puts
 .text.startup._GLOBAL__sub_I__ZN9__gnu_cxx9__freeresEv
                0x0000000010001af8       0x2c /usr/lib/gcc/arm-none-eabi/10.3.1/../../../arm-none-eabi/lib/thumb/v6-m/nofp/libstdc++.a(eh_alloc.o)
 .text          0x0000000010001b24       0x28 /usr/lib/gcc/arm-none-eabi/10.3.1/../../../arm-none-eabi/lib/thumb/v6-m/nofp/libc.a(lib_a-malloc.o)
                0x0000000010001b24                malloc
                0x0000000010001b38                free
 .text          0x0000000010001b4c      0x574 /usr/lib/gcc/arm-none-eabi/10.3.1/../../../arm-none-eabi/lib/thumb/v6-m/nofp/libc.a(lib_a-mallocr.o)
                0x0000000010001b4c                _malloc_r
 .text          0x00000000100020c0        0x8 /usr/lib/gcc/arm-none-eabi/10.3.1/../../../arm-none-eabi/lib/thumb/v6-m/nofp/libc.a(lib_a-mlock.o)
                0x00000000100020c0                __malloc_lock
                0x00000000100020c4                __malloc_unlock
 .text          0x00000000100020c8       0x24 /usr/lib/gcc/arm-none-eabi/10.3.1/../../../arm-none-eabi/lib/thumb/v6-m/nofp/libc.a(lib_a-sbrkr.o)
                0x00000000100020c8                _sbrk_r
 .text          0x00000000100020ec       0x5c /usr/lib/gcc/arm-none-eabi/10.3.1/../../../arm-none-eabi/lib/thumb/v6-m/nofp/libc.a(lib_a-strlen-stub.o)
                0x00000000100020ec                strlen
 .text          0x0000000010002148      0x260 /usr/lib/gcc/arm-none-eabi/10.3.1/../../../arm-none-eabi/lib/thumb/v6-m/nofp/libc.a(lib_a-freer.o)
                0x0000000010002148                _malloc_trim_r
                0x00000000100021e4                _free_r
 *(.fini)
 .fini          0x00000000100023a8        0x4 /usr/lib/gcc/arm-none-eabi/10.3.1/thumb/v6-m/nofp/crti.o
                0x00000000100023a8                _fini
 *fill*         0x00000000100023ac        0x4 
 .fini.__stub   0x00000000100023b0       0x40 linker stubs
 *crtbegin.o(.ctors)
 *crtbegin?.o(.ctors)
 *(EXCLUDE_FILE(*crtend.o *crtend?.o) .ctors)
 *(SORT_BY_NAME(.ctors.*))
 *(.ctors)
 *crtbegin.o(.dtors)
 *crtbegin?.o(.dtors)
 *(EXCLUDE_FILE(*crtend.o *crtend?.o) .dtors)
 *(SORT_BY_NAME(.dtors.*))
 *(.dtors)
 *(.eh_frame*)
 .eh_frame      0x00000000100023f0        0x0 /usr/lib/gcc/arm-none-eabi/10.3.1/thumb/v6-m/nofp/crtbegin.o
                0x00000000100023f0                . = ALIGN (0x4)

.glue_7         0x00000000100023f0        0x0
 .glue_7        0x00000000100023f0        0x0 linker stubs

.glue_7t        0x00000000100023f0        0x0
 .glue_7t       0x00000000100023f0        0x0 linker stubs

.vfp11_veneer   0x00000000100023f0        0x0
 .vfp11_veneer  0x00000000100023f0        0x0 linker stubs

.v4_bx          0x00000000100023f0        0x0
 .v4_bx         0x00000000100023f0        0x0 linker stubs

.iplt           0x00000000100023f0        0x0
 .iplt          0x00000000100023f0        0x0 /usr/lib/gcc/arm-none-eabi/10.3.1/thumb/v6-m/nofp/crtbegin.o

.rodata         0x00000000100023f0       0xb0
 *(EXCLUDE_FILE(*libm.a: *libc.a:*lib_a-mem*.o *libgcc.a:) .rodata*)
 .rodata.hardware_alarm_claim.str1.4
                0x00000000100023f0       0x22 CMakeFiles/Tricorder_Sensor.dir/home/dashy/pico-sdk/src/rp2_common/hardware_timer/timer.c.obj
 *fill*         0x0000000010002412        0x2 
 .rodata.panic.str1.4
                0x0000000010002414       0x12 CMakeFiles/Tricorder_Sensor.dir/home/dashy/pico-sdk/src/rp2_common/pico_runtime/runtime.c.obj
 *fill*         0x0000000010002426        0x2 
 .rodata.hard_assertion_failure.str1.4
                0x0000000010002428        0xc CMakeFiles/Tricorder_Sensor.dir/home/dashy/pico-sdk/src/rp2_common/pico_runtime/runtime.c.obj
 .rodata.__wrap_malloc.str1.4
                0x0000000010002434        0xe CMakeFiles/Tricorder_Sensor.dir/home/dashy/pico-sdk/src/rp2_common/pico_malloc/pico_malloc.c.obj
 *fill*         0x0000000010002442        0x2 
 .rodata.str1.4
                0x0000000010002444       0x34 CMakeFiles/Tricorder_Sensor.dir/home/dashy/pico-sdk/src/rp2_common/pico_standard_link/binary_info.c.obj
 .rodata.__bi_44
                0x0000000010002478        0xc CMakeFiles/Tricorder_Sensor.dir/home/dashy/pico-sdk/src/rp2_common/pico_standard_link/binary_info.c.obj
 .rodata.__bi_75
                0x0000000010002484        0xc CMakeFiles/Tricorder_Sensor.dir/home/dashy/pico-sdk/src/rp2_common/pico_standard_link/binary_info.c.obj
 .rodata.__bi_81
                0x0000000010002490        0xc CMakeFiles/Tricorder_Sensor.dir/home/dashy/pico-sdk/src/rp2_common/pico_standard_link/binary_info.c.obj
 .rodata.crlf_str.0
                0x000000001000249c        0x2 CMakeFiles/Tricorder_Sensor.dir/home/dashy/pico-sdk/src/rp2_common/pico_stdio/stdio.c.obj
                0x00000000100024a0                . = ALIGN (0x4)
 *fill*         0x000000001000249e        0x2 
 *(SORT_BY_ALIGNMENT(SORT_BY_NAME(.flashdata*)))
                0x00000000100024a0                . = ALIGN (0x4)

.ARM.extab
 *(.ARM.extab* .gnu.linkonce.armextab.*)
                0x00000000100024a0                __exidx_start = .

.ARM.exidx      0x00000000100024a0        0x8
 *(.ARM.exidx* .gnu.linkonce.armexidx.*)
 .ARM.exidx.text.startup._GLOBAL__sub_I__ZN9__gnu_cxx9__freeresEv
                0x00000000100024a0        0x8 /usr/lib/gcc/arm-none-eabi/10.3.1/../../../arm-none-eabi/lib/thumb/v6-m/nofp/libstdc++.a(eh_alloc.o)
                0x00000000100024a8                __exidx_end = .

.rel.dyn        0x00000000100024a8        0x0
 .rel.iplt      0x00000000100024a8        0x0 /usr/lib/gcc/arm-none-eabi/10.3.1/thumb/v6-m/nofp/crtbegin.o
                0x00000000100024a8                . = ALIGN (0x4)
                0x00000000100024a8                __binary_info_start = .

.binary_info    0x00000000100024a8       0x18
 *(.binary_info.keep.*)
 .binary_info.keep.__bi_ptr22
                0x00000000100024a8        0x4 CMakeFiles/Tricorder_Sensor.dir/home/dashy/pico-sdk/src/rp2_common/pico_standard_link/binary_info.c.obj
 .binary_info.keep.__bi_ptr30
                0x00000000100024ac        0x4 CMakeFiles/Tricorder_Sensor.dir/home/dashy/pico-sdk/src/rp2_common/pico_standard_link/binary_info.c.obj
 .binary_info.keep.__bi_ptr44
                0x00000000100024b0        0x4 CMakeFiles/Tricorder_Sensor.dir/home/dashy/pico-sdk/src/rp2_common/pico_standard_link/binary_info.c.obj
 .binary_info.keep.__bi_ptr50
                0x00000000100024b4        0x4 CMakeFiles/Tricorder_Sensor.dir/home/dashy/pico-sdk/src/rp2_common/pico_standard_link/binary_info.c.obj
 .binary_info.keep.__bi_ptr75
                0x00000000100024b8        0x4 CMakeFiles/Tricorder_Sensor.dir/home/dashy/pico-sdk/src/rp2_common/pico_standard_link/binary_info.c.obj
 .binary_info.keep.__bi_ptr81
                0x00000000100024bc        0x4 CMakeFiles/Tricorder_Sensor.dir/home/dashy/pico-sdk/src/rp2_common/pico_standard_link/binary_info.c.obj
 *(.binary_info.*)
                0x00000000100024c0                __binary_info_end = .
                0x00000000100024c0                . = ALIGN (0x4)
                0x00000000100024c0                __etext = .

.ram_vector_table
                0x0000000020000000       0xc0
 *(.ram_vector_table)
 .ram_vector_table
                0x0000000020000000       0xc0 CMakeFiles/Tricorder_Sensor.dir/home/dashy/pico-sdk/src/rp2_common/pico_runtime/runtime.c.obj
                0x0000000020000000                ram_vector_table

.data           0x00000000200000c0      0x9b0 load address 0x00000000100024c0
                0x00000000200000c0                __data_start__ = .
 *(vtable)
 *(.time_critical*)
 .time_critical.mutex_enter_blocking
                0x00000000200000c0       0x48 CMakeFiles/Tricorder_Sensor.dir/home/dashy/pico-sdk/src/common/pico_sync/mutex.c.obj
                0x00000000200000c0                mutex_enter_blocking
 .time_critical.mutex_try_enter
                0x0000000020000108       0x44 CMakeFiles/Tricorder_Sensor.dir/home/dashy/pico-sdk/src/common/pico_sync/mutex.c.obj
                0x0000000020000108                mutex_try_enter
 .time_critical.mutex_exit
                0x000000002000014c       0x28 CMakeFiles/Tricorder_Sensor.dir/home/dashy/pico-sdk/src/common/pico_sync/mutex.c.obj
                0x000000002000014c                mutex_exit
 *(.text*)
 .text          0x0000000020000174        0x4 /usr/lib/gcc/arm-none-eabi/10.3.1/thumb/v6-m/nofp/libgcc.a(_dvmd_tls.o)
                0x0000000020000174                __aeabi_ldiv0
                0x0000000020000174                __aeabi_idiv0
                0x0000000020000178                . = ALIGN (0x4)
 *(.rodata*)
                0x0000000020000178                . = ALIGN (0x4)
 *(.data*)
 .data.striped_spin_lock_num
                0x0000000020000178        0x1 CMakeFiles/Tricorder_Sensor.dir/home/dashy/pico-sdk/src/rp2_common/hardware_sync/sync.c.obj
 *fill*         0x0000000020000179        0x3 
 .data.default_alarm_pool
                0x000000002000017c       0x18 CMakeFiles/Tricorder_Sensor.dir/home/dashy/pico-sdk/src/common/pico_time/time.c.obj
 .data.default_alarm_pool_heap
                0x0000000020000194       0x10 CMakeFiles/Tricorder_Sensor.dir/home/dashy/pico-sdk/src/common/pico_time/time.c.obj
 .data          0x00000000200001a4       0x48 CMakeFiles/Tricorder_Sensor.dir/home/dashy/pico-sdk/src/rp2_common/hardware_irq/irq_handler_chain.S.obj
                0x00000000200001a4                irq_handler_chain_slots
                0x00000000200001d4                irq_handler_chain_first_slot
                0x00000000200001de                irq_handler_chain_remove_tail
 *fill*         0x00000000200001ec        0x4 
 .data.aeabi_bits_funcs
                0x00000000200001f0       0x10 CMakeFiles/Tricorder_Sensor.dir/home/dashy/pico-sdk/src/rp2_common/pico_bit_ops/bit_ops_aeabi.S.obj
                0x00000000200001f0                aeabi_bits_funcs
                0x0000000020000200                aeabi_bits_funcs_end
 .data.aeabi_mem_funcs
                0x0000000020000200       0x10 CMakeFiles/Tricorder_Sensor.dir/home/dashy/pico-sdk/src/rp2_common/pico_mem_ops/mem_ops_aeabi.S.obj
                0x0000000020000200                aeabi_mem_funcs
                0x0000000020000210                aeabi_mem_funcs_end
 .data          0x0000000020000210      0x430 /usr/lib/gcc/arm-none-eabi/10.3.1/../../../arm-none-eabi/lib/thumb/v6-m/nofp/libc.a(lib_a-impure.o)
                0x0000000020000210                _impure_ptr
 .data          0x0000000020000640      0x410 /usr/lib/gcc/arm-none-eabi/10.3.1/../../../arm-none-eabi/lib/thumb/v6-m/nofp/libc.a(lib_a-mallocr.o)
                0x0000000020000640                __malloc_sbrk_base
                0x0000000020000644                __malloc_trim_threshold
                0x0000000020000648                __malloc_av_
                0x0000000020000a50                . = ALIGN (0x4)
 *(.after_data.*)
                0x0000000020000a50                . = ALIGN (0x4)
                0x0000000020000a50                PROVIDE (__mutex_array_start = .)
 *(SORT_BY_NAME(.mutex_array.*))
 *(.mutex_array)
 .mutex_array   0x0000000020000a50        0x8 CMakeFiles/Tricorder_Sensor.dir/home/dashy/pico-sdk/src/rp2_common/pico_stdio/stdio.c.obj
                0x0000000020000a58                PROVIDE (__mutex_array_end = .)
                0x0000000020000a58                . = ALIGN (0x4)
                0x0000000020000a58                PROVIDE (__preinit_array_start = .)
 *(SORT_BY_NAME(.preinit_array.*))
 .preinit_array.00001
                0x0000000020000a58        0x4 CMakeFiles/Tricorder_Sensor.dir/home/dashy/pico-sdk/src/rp2_common/pico_mem_ops/mem_ops_aeabi.S.obj
 .preinit_array.00010
                0x0000000020000a5c        0x4 CMakeFiles/Tricorder_Sensor.dir/home/dashy/pico-sdk/src/rp2_common/pico_bit_ops/bit_ops_aeabi.S.obj
 .preinit_array.00020
                0x0000000020000a60        0x4 CMakeFiles/Tricorder_Sensor.dir/home/dashy/pico-sdk/src/rp2_common/pico_double/double_aeabi.S.obj
 .preinit_array.00020
                0x0000000020000a64        0x4 CMakeFiles/Tricorder_Sensor.dir/home/dashy/pico-sdk/src/rp2_common/pico_float/float_aeabi.S.obj
 *(.preinit_array)
                0x0000000020000a68                PROVIDE (__preinit_array_end = .)
                0x0000000020000a68                . = ALIGN (0x4)
                0x0000000020000a68                PROVIDE (__init_array_start = .)
 *(SORT_BY_NAME(.init_array.*))
 *(.init_array)
 .init_array    0x0000000020000a68        0x4 /usr/lib/gcc/arm-none-eabi/10.3.1/thumb/v6-m/nofp/crtbegin.o
 .init_array    0x0000000020000a6c        0x4 /usr/lib/gcc/arm-none-eabi/10.3.1/../../../arm-none-eabi/lib/thumb/v6-m/nofp/libstdc++.a(eh_alloc.o)
                0x0000000020000a70                PROVIDE (__init_array_end = .)
                0x0000000020000a70                . = ALIGN (0x4)
                0x0000000020000a70                PROVIDE (__fini_array_start = .)
 *(SORT_BY_NAME(.fini_array.*))
 *(.fini_array)
                0x0000000020000a70                PROVIDE (__fini_array_end = .)
 *(.jcr)
                0x0000000020000a70                . = ALIGN (0x4)
                0x0000000020000a70                __data_end__ = .

.tm_clone_table
                0x0000000020000a70        0x0 load address 0x0000000010002e70
 .tm_clone_table
                0x0000000020000a70        0x0 /usr/lib/gcc/arm-none-eabi/10.3.1/thumb/v6-m/nofp/crtbegin.o
 .tm_clone_table
                0x0000000020000a70        0x0 /usr/lib/gcc/arm-none-eabi/10.3.1/thumb/v6-m/nofp/crtend.o

.igot.plt       0x0000000020000a70        0x0 load address 0x0000000010002e70
 .igot.plt      0x0000000020000a70        0x0 /usr/lib/gcc/arm-none-eabi/10.3.1/thumb/v6-m/nofp/crtbegin.o

.uninitialized_data
                0x0000000020000a70        0x0 load address 0x0000000010002e70
                0x0000000020000a70                . = ALIGN (0x4)
 *(.uninitialized_data*)

.scratch_x      0x0000000020040000        0x0 load address 0x0000000010002e70
                0x0000000020040000                __scratch_x_start__ = .
 *(.scratch_x.*)
                0x0000000020040000                . = ALIGN (0x4)
                0x0000000020040000                __scratch_x_end__ = .
                0x0000000010002e70                __scratch_x_source__ = LOADADDR (.scratch_x)

.scratch_y      0x0000000020041000        0x0 load address 0x0000000010002e70
                0x0000000020041000                __scratch_y_start__ = .
 *(.scratch_y.*)
                0x0000000020041000                . = ALIGN (0x4)
                0x0000000020041000                __scratch_y_end__ = .
                0x0000000010002e70                __scratch_y_source__ = LOADADDR (.scratch_y)

.bss            0x0000000020000a70      0x418
                0x0000000020000a70                . = ALIGN (0x4)
                0x0000000020000a70                __bss_start__ = .
 *(SORT_BY_ALIGNMENT(SORT_BY_NAME(.bss*)))
 .bss.default_alarm_pool_entries
                0x0000000020000a70      0x100 CMakeFiles/Tricorder_Sensor.dir/home/dashy/pico-sdk/src/common/pico_time/time.c.obj
 .bss.sd_table  0x0000000020000b70      0x100 CMakeFiles/Tricorder_Sensor.dir/home/dashy/pico-sdk/src/rp2_common/pico_double/double_init_rom.c.obj
                0x0000000020000b70                sd_table
 .bss.sf_table  0x0000000020000c70      0x100 CMakeFiles/Tricorder_Sensor.dir/home/dashy/pico-sdk/src/rp2_common/pico_float/float_init_rom.c.obj
                0x0000000020000c70                sf_table
 .bss           0x0000000020000d70       0x1c /usr/lib/gcc/arm-none-eabi/10.3.1/thumb/v6-m/nofp/crtbegin.o
 .bss           0x0000000020000d8c       0x34 /usr/lib/gcc/arm-none-eabi/10.3.1/../../../arm-none-eabi/lib/thumb/v6-m/nofp/libc.a(lib_a-mallocr.o)
                0x0000000020000d8c                __malloc_top_pad
                0x0000000020000d90                __malloc_current_mallinfo
                0x0000000020000db8                __malloc_max_sbrked_mem
                0x0000000020000dbc                __malloc_max_total_mem
 .bss           0x0000000020000dc0        0x4 /usr/lib/gcc/arm-none-eabi/10.3.1/../../../arm-none-eabi/lib/thumb/v6-m/nofp/libc.a(lib_a-reent.o)
                0x0000000020000dc0                errno
 .bss._ZN12_GLOBAL__N_114emergency_poolE
                0x0000000020000dc4       0x10 /usr/lib/gcc/arm-none-eabi/10.3.1/../../../arm-none-eabi/lib/thumb/v6-m/nofp/libstdc++.a(eh_alloc.o)
 .bss.alarm_callbacks
                0x0000000020000dd4       0x10 CMakeFiles/Tricorder_Sensor.dir/home/dashy/pico-sdk/src/rp2_common/hardware_timer/timer.c.obj
 .bss.configured_freq
                0x0000000020000de4       0x28 CMakeFiles/Tricorder_Sensor.dir/home/dashy/pico-sdk/src/rp2_common/hardware_clocks/clocks.c.obj
 .bss.default_alarm_pool_entry_ids_high
                0x0000000020000e0c       0x10 CMakeFiles/Tricorder_Sensor.dir/home/dashy/pico-sdk/src/common/pico_time/time.c.obj
 .bss.default_alarm_pool_heap_nodes
                0x0000000020000e1c       0x30 CMakeFiles/Tricorder_Sensor.dir/home/dashy/pico-sdk/src/common/pico_time/time.c.obj
 .bss.drivers   0x0000000020000e4c        0x4 CMakeFiles/Tricorder_Sensor.dir/home/dashy/pico-sdk/src/rp2_common/pico_stdio/stdio.c.obj
 .bss.filter    0x0000000020000e50        0x4 CMakeFiles/Tricorder_Sensor.dir/home/dashy/pico-sdk/src/rp2_common/pico_stdio/stdio.c.obj
 .bss.heap_end.0
                0x0000000020000e54        0x4 CMakeFiles/Tricorder_Sensor.dir/home/dashy/pico-sdk/src/rp2_common/pico_runtime/runtime.c.obj
 .bss.lazy_vsnprintf
                0x0000000020000e58        0x4 CMakeFiles/Tricorder_Sensor.dir/home/dashy/pico-sdk/src/rp2_common/pico_printf/printf.c.obj
 .bss.pools     0x0000000020000e5c       0x10 CMakeFiles/Tricorder_Sensor.dir/home/dashy/pico-sdk/src/common/pico_time/time.c.obj
 .bss.sf_clz_func
                0x0000000020000e6c        0x4 CMakeFiles/Tricorder_Sensor.dir/home/dashy/pico-sdk/src/rp2_common/pico_double/double_init_rom.c.obj
                0x0000000020000e6c                sf_clz_func
 .bss.sleep_notifier
                0x0000000020000e70        0x4 CMakeFiles/Tricorder_Sensor.dir/home/dashy/pico-sdk/src/common/pico_time/time.c.obj
 .bss.target_hi
                0x0000000020000e74       0x10 CMakeFiles/Tricorder_Sensor.dir/home/dashy/pico-sdk/src/rp2_common/hardware_timer/timer.c.obj
 .bss.claimed   0x0000000020000e84        0x1 CMakeFiles/Tricorder_Sensor.dir/home/dashy/pico-sdk/src/rp2_common/hardware_timer/timer.c.obj
 .bss.irq_hander_chain_free_slot_head
                0x0000000020000e85        0x1 CMakeFiles/Tricorder_Sensor.dir/home/dashy/pico-sdk/src/rp2_common/hardware_irq/irq.c.obj
 .bss.timer_callbacks_pending
                0x0000000020000e86        0x1 CMakeFiles/Tricorder_Sensor.dir/home/dashy/pico-sdk/src/rp2_common/hardware_timer/timer.c.obj
 *(COMMON)
                0x0000000020000e88                . = ALIGN (0x4)
 *fill*         0x0000000020000e87        0x1 
                0x0000000020000e88                __bss_end__ = .

.heap           0x0000000020000e88      0x800
                0x0000000020000e88                __end__ = .
                0x0000000020000e88                end = __end__
 *(.heap*)
 .heap          0x0000000020000e88      0x800 CMakeFiles/Tricorder_Sensor.dir/home/dashy/pico-sdk/src/rp2_common/pico_standard_link/crt0.S.obj
                0x0000000020001688                __HeapLimit = .

.stack1_dummy   0x0000000020040000        0x0
 *(.stack1*)

.stack_dummy    0x0000000020041000      0x800
 *(.stack*)
 .stack         0x0000000020041000      0x800 CMakeFiles/Tricorder_Sensor.dir/home/dashy/pico-sdk/src/rp2_common/pico_standard_link/crt0.S.obj

.flash_end      0x0000000010002e70        0x0
                0x0000000010002e70                __flash_binary_end = .
                0x0000000020040000                __StackLimit = (ORIGIN (RAM) + LENGTH (RAM))
                0x0000000020041000                __StackOneTop = (ORIGIN (SCRATCH_X) + LENGTH (SCRATCH_X))
                0x0000000020042000                __StackTop = (ORIGIN (SCRATCH_Y) + LENGTH (SCRATCH_Y))
                0x0000000020041000                __StackOneBottom = (__StackOneTop - SIZEOF (.stack1_dummy))
                0x0000000020041800                __StackBottom = (__StackTop - SIZEOF (.stack_dummy))
                0x0000000020042000                PROVIDE (__stack = __StackTop)
                0x0000000000000001                ASSERT ((__StackLimit >= __HeapLimit), region RAM overflowed)
                0x0000000000000001                ASSERT (((__binary_info_header_end - __logical_binary_start) <= 0x100), Binary info must be in first 256 bytes of the binary)
LOAD CMakeFiles/Tricorder_Sensor.dir/Tricorder_Sensor.cpp.obj
LOAD CMakeFiles/Tricorder_Sensor.dir/home/dashy/pico-sdk/src/rp2_common/pico_stdlib/stdlib.c.obj
LOAD CMakeFiles/Tricorder_Sensor.dir/home/dashy/pico-sdk/src/rp2_common/hardware_gpio/gpio.c.obj
LOAD CMakeFiles/Tricorder_Sensor.dir/home/dashy/pico-sdk/src/rp2_common/hardware_claim/claim.c.obj
LOAD CMakeFiles/Tricorder_Sensor.dir/home/dashy/pico-sdk/src/rp2_common/pico_platform/platform.c.obj
LOAD CMakeFiles/Tricorder_Sensor.dir/home/dashy/pico-sdk/src/rp2_common/hardware_sync/sync.c.obj
LOAD CMakeFiles/Tricorder_Sensor.dir/home/dashy/pico-sdk/src/rp2_common/hardware_uart/uart.c.obj
LOAD CMakeFiles/Tricorder_Sensor.dir/home/dashy/pico-sdk/src/rp2_common/hardware_divider/divider.S.obj
LOAD CMakeFiles/Tricorder_Sensor.dir/home/dashy/pico-sdk/src/common/pico_time/time.c.obj
LOAD CMakeFiles/Tricorder_Sensor.dir/home/dashy/pico-sdk/src/common/pico_time/timeout_helper.c.obj
LOAD CMakeFiles/Tricorder_Sensor.dir/home/dashy/pico-sdk/src/rp2_common/hardware_timer/timer.c.obj
LOAD CMakeFiles/Tricorder_Sensor.dir/home/dashy/pico-sdk/src/common/pico_sync/sem.c.obj
LOAD CMakeFiles/Tricorder_Sensor.dir/home/dashy/pico-sdk/src/common/pico_sync/lock_core.c.obj
LOAD CMakeFiles/Tricorder_Sensor.dir/home/dashy/pico-sdk/src/common/pico_sync/mutex.c.obj
LOAD CMakeFiles/Tricorder_Sensor.dir/home/dashy/pico-sdk/src/common/pico_sync/critical_section.c.obj
LOAD CMakeFiles/Tricorder_Sensor.dir/home/dashy/pico-sdk/src/common/pico_util/datetime.c.obj
LOAD CMakeFiles/Tricorder_Sensor.dir/home/dashy/pico-sdk/src/common/pico_util/pheap.c.obj
LOAD CMakeFiles/Tricorder_Sensor.dir/home/dashy/pico-sdk/src/common/pico_util/queue.c.obj
LOAD CMakeFiles/Tricorder_Sensor.dir/home/dashy/pico-sdk/src/rp2_common/pico_runtime/runtime.c.obj
LOAD CMakeFiles/Tricorder_Sensor.dir/home/dashy/pico-sdk/src/rp2_common/hardware_clocks/clocks.c.obj
LOAD CMakeFiles/Tricorder_Sensor.dir/home/dashy/pico-sdk/src/rp2_common/hardware_irq/irq.c.obj
LOAD CMakeFiles/Tricorder_Sensor.dir/home/dashy/pico-sdk/src/rp2_common/hardware_irq/irq_handler_chain.S.obj
LOAD CMakeFiles/Tricorder_Sensor.dir/home/dashy/pico-sdk/src/rp2_common/hardware_pll/pll.c.obj
LOAD CMakeFiles/Tricorder_Sensor.dir/home/dashy/pico-sdk/src/rp2_common/hardware_vreg/vreg.c.obj
LOAD CMakeFiles/Tricorder_Sensor.dir/home/dashy/pico-sdk/src/rp2_common/hardware_watchdog/watchdog.c.obj
LOAD CMakeFiles/Tricorder_Sensor.dir/home/dashy/pico-sdk/src/rp2_common/hardware_xosc/xosc.c.obj
LOAD CMakeFiles/Tricorder_Sensor.dir/home/dashy/pico-sdk/src/rp2_common/pico_printf/printf.c.obj
LOAD CMakeFiles/Tricorder_Sensor.dir/home/dashy/pico-sdk/src/rp2_common/pico_bit_ops/bit_ops_aeabi.S.obj
LOAD CMakeFiles/Tricorder_Sensor.dir/home/dashy/pico-sdk/src/rp2_common/pico_bootrom/bootrom.c.obj
LOAD CMakeFiles/Tricorder_Sensor.dir/home/dashy/pico-sdk/src/rp2_common/pico_divider/divider.S.obj
LOAD CMakeFiles/Tricorder_Sensor.dir/home/dashy/pico-sdk/src/rp2_common/pico_double/double_aeabi.S.obj
LOAD CMakeFiles/Tricorder_Sensor.dir/home/dashy/pico-sdk/src/rp2_common/pico_double/double_init_rom.c.obj
LOAD CMakeFiles/Tricorder_Sensor.dir/home/dashy/pico-sdk/src/rp2_common/pico_double/double_math.c.obj
LOAD CMakeFiles/Tricorder_Sensor.dir/home/dashy/pico-sdk/src/rp2_common/pico_double/double_v1_rom_shim.S.obj
LOAD CMakeFiles/Tricorder_Sensor.dir/home/dashy/pico-sdk/src/rp2_common/pico_int64_ops/pico_int64_ops_aeabi.S.obj
LOAD CMakeFiles/Tricorder_Sensor.dir/home/dashy/pico-sdk/src/rp2_common/pico_float/float_aeabi.S.obj
LOAD CMakeFiles/Tricorder_Sensor.dir/home/dashy/pico-sdk/src/rp2_common/pico_float/float_init_rom.c.obj
LOAD CMakeFiles/Tricorder_Sensor.dir/home/dashy/pico-sdk/src/rp2_common/pico_float/float_math.c.obj
LOAD CMakeFiles/Tricorder_Sensor.dir/home/dashy/pico-sdk/src/rp2_common/pico_float/float_v1_rom_shim.S.obj
LOAD CMakeFiles/Tricorder_Sensor.dir/home/dashy/pico-sdk/src/rp2_common/pico_malloc/pico_malloc.c.obj
LOAD CMakeFiles/Tricorder_Sensor.dir/home/dashy/pico-sdk/src/rp2_common/pico_mem_ops/mem_ops_aeabi.S.obj
LOAD CMakeFiles/Tricorder_Sensor.dir/home/dashy/pico-sdk/src/rp2_common/pico_standard_link/crt0.S.obj
LOAD CMakeFiles/Tricorder_Sensor.dir/home/dashy/pico-sdk/src/rp2_common/pico_standard_link/new_delete.cpp.obj
LOAD CMakeFiles/Tricorder_Sensor.dir/home/dashy/pico-sdk/src/rp2_common/pico_standard_link/binary_info.c.obj
LOAD CMakeFiles/Tricorder_Sensor.dir/home/dashy/pico-sdk/src/rp2_common/pico_stdio/stdio.c.obj
LOAD CMakeFiles/Tricorder_Sensor.dir/home/dashy/pico-sdk/src/rp2_common/pico_stdio_uart/stdio_uart.c.obj
LOAD /tmp/ccCCIQ0v.o
LOAD /usr/lib/gcc/arm-none-eabi/10.3.1/../../../arm-none-eabi/lib/thumb/v6-m/nofp/libstdc++.a
LOAD /usr/lib/gcc/arm-none-eabi/10.3.1/../../../arm-none-eabi/lib/thumb/v6-m/nofp/libm.a
START GROUP
LOAD /usr/lib/gcc/arm-none-eabi/10.3.1/thumb/v6-m/nofp/libgcc.a
LOAD /usr/lib/gcc/arm-none-eabi/10.3.1/../../../arm-none-eabi/lib/thumb/v6-m/nofp/libc.a
END GROUP
START GROUP
LOAD /usr/lib/gcc/arm-none-eabi/10.3.1/thumb/v6-m/nofp/libgcc.a
LOAD /usr/lib/gcc/arm-none-eabi/10.3.1/../../../arm-none-eabi/lib/thumb/v6-m/nofp/libc.a
LOAD /usr/lib/gcc/arm-none-eabi/10.3.1/../../../arm-none-eabi/lib/thumb/v6-m/nofp/libnosys.a
END GROUP
LOAD /usr/lib/gcc/arm-none-eabi/10.3.1/thumb/v6-m/nofp/crtend.o
LOAD /usr/lib/gcc/arm-none-eabi/10.3.1/thumb/v6-m/nofp/crtn.o
OUTPUT(Tricorder_Sensor.elf elf32-littlearm)
LOAD linker stubs

.ARM.attributes
                0x0000000000000000       0x28
 .ARM.attributes
                0x0000000000000000       0x1e /usr/lib/gcc/arm-none-eabi/10.3.1/thumb/v6-m/nofp/crti.o
 .ARM.attributes
                0x000000000000001e       0x2c /usr/lib/gcc/arm-none-eabi/10.3.1/thumb/v6-m/nofp/crtbegin.o
 .ARM.attributes
                0x000000000000004a       0x2c CMakeFiles/Tricorder_Sensor.dir/home/dashy/pico-sdk/src/rp2_common/hardware_claim/claim.c.obj
 .ARM.attributes
                0x0000000000000076       0x2c CMakeFiles/Tricorder_Sensor.dir/home/dashy/pico-sdk/src/rp2_common/pico_platform/platform.c.obj
 .ARM.attributes
                0x00000000000000a2       0x2c CMakeFiles/Tricorder_Sensor.dir/home/dashy/pico-sdk/src/rp2_common/hardware_sync/sync.c.obj
 .ARM.attributes
                0x00000000000000ce       0x2c CMakeFiles/Tricorder_Sensor.dir/home/dashy/pico-sdk/src/common/pico_time/time.c.obj
 .ARM.attributes
                0x00000000000000fa       0x2c CMakeFiles/Tricorder_Sensor.dir/home/dashy/pico-sdk/src/rp2_common/hardware_timer/timer.c.obj
 .ARM.attributes
                0x0000000000000126       0x2c CMakeFiles/Tricorder_Sensor.dir/home/dashy/pico-sdk/src/common/pico_sync/lock_core.c.obj
 .ARM.attributes
                0x0000000000000152       0x2c CMakeFiles/Tricorder_Sensor.dir/home/dashy/pico-sdk/src/common/pico_sync/mutex.c.obj
 .ARM.attributes
                0x000000000000017e       0x2c CMakeFiles/Tricorder_Sensor.dir/home/dashy/pico-sdk/src/common/pico_util/pheap.c.obj
 .ARM.attributes
                0x00000000000001aa       0x2c CMakeFiles/Tricorder_Sensor.dir/home/dashy/pico-sdk/src/rp2_common/pico_runtime/runtime.c.obj
 .ARM.attributes
                0x00000000000001d6       0x2c CMakeFiles/Tricorder_Sensor.dir/home/dashy/pico-sdk/src/rp2_common/hardware_clocks/clocks.c.obj
 .ARM.attributes
                0x0000000000000202       0x2c CMakeFiles/Tricorder_Sensor.dir/home/dashy/pico-sdk/src/rp2_common/hardware_irq/irq.c.obj
 .ARM.attributes
                0x000000000000022e       0x22 CMakeFiles/Tricorder_Sensor.dir/home/dashy/pico-sdk/src/rp2_common/hardware_irq/irq_handler_chain.S.obj
 .ARM.attributes
                0x0000000000000250       0x2c CMakeFiles/Tricorder_Sensor.dir/home/dashy/pico-sdk/src/rp2_common/hardware_pll/pll.c.obj
 .ARM.attributes
                0x000000000000027c       0x2c CMakeFiles/Tricorder_Sensor.dir/home/dashy/pico-sdk/src/rp2_common/hardware_watchdog/watchdog.c.obj
 .ARM.attributes
                0x00000000000002a8       0x2c CMakeFiles/Tricorder_Sensor.dir/home/dashy/pico-sdk/src/rp2_common/hardware_xosc/xosc.c.obj
 .ARM.attributes
                0x00000000000002d4       0x2c CMakeFiles/Tricorder_Sensor.dir/home/dashy/pico-sdk/src/rp2_common/pico_printf/printf.c.obj
 .ARM.attributes
                0x0000000000000300       0x22 CMakeFiles/Tricorder_Sensor.dir/home/dashy/pico-sdk/src/rp2_common/pico_bit_ops/bit_ops_aeabi.S.obj
 .ARM.attributes
                0x0000000000000322       0x2c CMakeFiles/Tricorder_Sensor.dir/home/dashy/pico-sdk/src/rp2_common/pico_bootrom/bootrom.c.obj
 .ARM.attributes
                0x000000000000034e       0x22 CMakeFiles/Tricorder_Sensor.dir/home/dashy/pico-sdk/src/rp2_common/pico_divider/divider.S.obj
 .ARM.attributes
                0x0000000000000370       0x22 CMakeFiles/Tricorder_Sensor.dir/home/dashy/pico-sdk/src/rp2_common/pico_double/double_aeabi.S.obj
 .ARM.attributes
                0x0000000000000392       0x2c CMakeFiles/Tricorder_Sensor.dir/home/dashy/pico-sdk/src/rp2_common/pico_double/double_init_rom.c.obj
 .ARM.attributes
                0x00000000000003be       0x22 CMakeFiles/Tricorder_Sensor.dir/home/dashy/pico-sdk/src/rp2_common/pico_double/double_v1_rom_shim.S.obj
 .ARM.attributes
                0x00000000000003e0       0x22 CMakeFiles/Tricorder_Sensor.dir/home/dashy/pico-sdk/src/rp2_common/pico_float/float_aeabi.S.obj
 .ARM.attributes
                0x0000000000000402       0x2c CMakeFiles/Tricorder_Sensor.dir/home/dashy/pico-sdk/src/rp2_common/pico_float/float_init_rom.c.obj
 .ARM.attributes
                0x000000000000042e       0x22 CMakeFiles/Tricorder_Sensor.dir/home/dashy/pico-sdk/src/rp2_common/pico_float/float_v1_rom_shim.S.obj
 .ARM.attributes
                0x0000000000000450       0x2c CMakeFiles/Tricorder_Sensor.dir/home/dashy/pico-sdk/src/rp2_common/pico_malloc/pico_malloc.c.obj
 .ARM.attributes
                0x000000000000047c       0x22 CMakeFiles/Tricorder_Sensor.dir/home/dashy/pico-sdk/src/rp2_common/pico_mem_ops/mem_ops_aeabi.S.obj
 .ARM.attributes
                0x000000000000049e       0x22 CMakeFiles/Tricorder_Sensor.dir/home/dashy/pico-sdk/src/rp2_common/pico_standard_link/crt0.S.obj
 .ARM.attributes
                0x00000000000004c0       0x32 CMakeFiles/Tricorder_Sensor.dir/home/dashy/pico-sdk/src/rp2_common/pico_standard_link/binary_info.c.obj
 .ARM.attributes
                0x00000000000004f2       0x2c CMakeFiles/Tricorder_Sensor.dir/home/dashy/pico-sdk/src/rp2_common/pico_stdio/stdio.c.obj
 .ARM.attributes
                0x000000000000051e       0x22 /tmp/ccCCIQ0v.o
 .ARM.attributes
                0x0000000000000540       0x2c /usr/lib/gcc/arm-none-eabi/10.3.1/../../../arm-none-eabi/lib/thumb/v6-m/nofp/libstdc++.a(eh_alloc.o)
 .ARM.attributes
                0x000000000000056c       0x1e /usr/lib/gcc/arm-none-eabi/10.3.1/thumb/v6-m/nofp/libgcc.a(_dvmd_tls.o)
 .ARM.attributes
                0x000000000000058a       0x2c /usr/lib/gcc/arm-none-eabi/10.3.1/../../../arm-none-eabi/lib/thumb/v6-m/nofp/libc.a(lib_a-impure.o)
 .ARM.attributes
                0x00000000000005b6       0x2c /usr/lib/gcc/arm-none-eabi/10.3.1/../../../arm-none-eabi/lib/thumb/v6-m/nofp/libc.a(lib_a-malloc.o)
 .ARM.attributes
                0x00000000000005e2       0x2c /usr/lib/gcc/arm-none-eabi/10.3.1/../../../arm-none-eabi/lib/thumb/v6-m/nofp/libc.a(lib_a-mallocr.o)
 .ARM.attributes
                0x000000000000060e       0x2c /usr/lib/gcc/arm-none-eabi/10.3.1/../../../arm-none-eabi/lib/thumb/v6-m/nofp/libc.a(lib_a-mlock.o)
 .ARM.attributes
                0x000000000000063a       0x2c /usr/lib/gcc/arm-none-eabi/10.3.1/../../../arm-none-eabi/lib/thumb/v6-m/nofp/libc.a(lib_a-sbrkr.o)
 .ARM.attributes
                0x0000000000000666       0x2c /usr/lib/gcc/arm-none-eabi/10.3.1/../../../arm-none-eabi/lib/thumb/v6-m/nofp/libc.a(lib_a-strlen-stub.o)
 .ARM.attributes
                0x0000000000000692       0x2c /usr/lib/gcc/arm-none-eabi/10.3.1/../../../arm-none-eabi/lib/thumb/v6-m/nofp/libc.a(lib_a-freer.o)
 .ARM.attributes
                0x00000000000006be       0x2c /usr/lib/gcc/arm-none-eabi/10.3.1/../../../arm-none-eabi/lib/thumb/v6-m/nofp/libc.a(lib_a-reent.o)
 .ARM.attributes
                0x00000000000006ea       0x2c /usr/lib/gcc/arm-none-eabi/10.3.1/thumb/v6-m/nofp/crtend.o

.comment        0x0000000000000000       0x33
 .comment       0x0000000000000000       0x33 /usr/lib/gcc/arm-none-eabi/10.3.1/thumb/v6-m/nofp/crtbegin.o
                                         0x34 (size before relaxing)
 .comment       0x0000000000000033       0x34 CMakeFiles/Tricorder_Sensor.dir/home/dashy/pico-sdk/src/rp2_common/hardware_claim/claim.c.obj
 .comment       0x0000000000000033       0x34 CMakeFiles/Tricorder_Sensor.dir/home/dashy/pico-sdk/src/rp2_common/pico_platform/platform.c.obj
 .comment       0x0000000000000033       0x34 CMakeFiles/Tricorder_Sensor.dir/home/dashy/pico-sdk/src/rp2_common/hardware_sync/sync.c.obj
 .comment       0x0000000000000033       0x34 CMakeFiles/Tricorder_Sensor.dir/home/dashy/pico-sdk/src/common/pico_time/time.c.obj
 .comment       0x0000000000000033       0x34 CMakeFiles/Tricorder_Sensor.dir/home/dashy/pico-sdk/src/rp2_common/hardware_timer/timer.c.obj
 .comment       0x0000000000000033       0x34 CMakeFiles/Tricorder_Sensor.dir/home/dashy/pico-sdk/src/common/pico_sync/lock_core.c.obj
 .comment       0x0000000000000033       0x34 CMakeFiles/Tricorder_Sensor.dir/home/dashy/pico-sdk/src/common/pico_sync/mutex.c.obj
 .comment       0x0000000000000033       0x34 CMakeFiles/Tricorder_Sensor.dir/home/dashy/pico-sdk/src/common/pico_util/pheap.c.obj
 .comment       0x0000000000000033       0x34 CMakeFiles/Tricorder_Sensor.dir/home/dashy/pico-sdk/src/rp2_common/pico_runtime/runtime.c.obj
 .comment       0x0000000000000033       0x34 CMakeFiles/Tricorder_Sensor.dir/home/dashy/pico-sdk/src/rp2_common/hardware_clocks/clocks.c.obj
 .comment       0x0000000000000033       0x34 CMakeFiles/Tricorder_Sensor.dir/home/dashy/pico-sdk/src/rp2_common/hardware_irq/irq.c.obj
 .comment       0x0000000000000033       0x34 CMakeFiles/Tricorder_Sensor.dir/home/dashy/pico-sdk/src/rp2_common/hardware_pll/pll.c.obj
 .comment       0x0000000000000033       0x34 CMakeFiles/Tricorder_Sensor.dir/home/dashy/pico-sdk/src/rp2_common/hardware_watchdog/watchdog.c.obj
 .comment       0x0000000000000033       0x34 CMakeFiles/Tricorder_Sensor.dir/home/dashy/pico-sdk/src/rp2_common/hardware_xosc/xosc.c.obj
 .comment       0x0000000000000033       0x34 CMakeFiles/Tricorder_Sensor.dir/home/dashy/pico-sdk/src/rp2_common/pico_printf/printf.c.obj
 .comment       0x0000000000000033       0x34 CMakeFiles/Tricorder_Sensor.dir/home/dashy/pico-sdk/src/rp2_common/pico_bootrom/bootrom.c.obj
 .comment       0x0000000000000033       0x34 CMakeFiles/Tricorder_Sensor.dir/home/dashy/pico-sdk/src/rp2_common/pico_double/double_init_rom.c.obj
 .comment       0x0000000000000033       0x34 CMakeFiles/Tricorder_Sensor.dir/home/dashy/pico-sdk/src/rp2_common/pico_float/float_init_rom.c.obj
 .comment       0x0000000000000033       0x34 CMakeFiles/Tricorder_Sensor.dir/home/dashy/pico-sdk/src/rp2_common/pico_malloc/pico_malloc.c.obj
 .comment       0x0000000000000033       0x34 CMakeFiles/Tricorder_Sensor.dir/home/dashy/pico-sdk/src/rp2_common/pico_standard_link/binary_info.c.obj
 .comment       0x0000000000000033       0x34 CMakeFiles/Tricorder_Sensor.dir/home/dashy/pico-sdk/src/rp2_common/pico_stdio/stdio.c.obj
 .comment       0x0000000000000033       0x34 /usr/lib/gcc/arm-none-eabi/10.3.1/../../../arm-none-eabi/lib/thumb/v6-m/nofp/libstdc++.a(eh_alloc.o)
 .comment       0x0000000000000033       0x34 /usr/lib/gcc/arm-none-eabi/10.3.1/../../../arm-none-eabi/lib/thumb/v6-m/nofp/libc.a(lib_a-impure.o)
 .comment       0x0000000000000033       0x34 /usr/lib/gcc/arm-none-eabi/10.3.1/../../../arm-none-eabi/lib/thumb/v6-m/nofp/libc.a(lib_a-malloc.o)
 .comment       0x0000000000000033       0x34 /usr/lib/gcc/arm-none-eabi/10.3.1/../../../arm-none-eabi/lib/thumb/v6-m/nofp/libc.a(lib_a-mallocr.o)
 .comment       0x0000000000000033       0x34 /usr/lib/gcc/arm-none-eabi/10.3.1/../../../arm-none-eabi/lib/thumb/v6-m/nofp/libc.a(lib_a-mlock.o)
 .comment       0x0000000000000033       0x34 /usr/lib/gcc/arm-none-eabi/10.3.1/../../../arm-none-eabi/lib/thumb/v6-m/nofp/libc.a(lib_a-sbrkr.o)
 .comment       0x0000000000000033       0x34 /usr/lib/gcc/arm-none-eabi/10.3.1/../../../arm-none-eabi/lib/thumb/v6-m/nofp/libc.a(lib_a-strlen-stub.o)
 .comment       0x0000000000000033       0x34 /usr/lib/gcc/arm-none-eabi/10.3.1/../../../arm-none-eabi/lib/thumb/v6-m/nofp/libc.a(lib_a-freer.o)
 .comment       0x0000000000000033       0x34 /usr/lib/gcc/arm-none-eabi/10.3.1/../../../arm-none-eabi/lib/thumb/v6-m/nofp/libc.a(lib_a-reent.o)
 .comment       0x0000000000000033       0x34 /usr/lib/gcc/arm-none-eabi/10.3.1/thumb/v6-m/nofp/crtend.o

.debug_info     0x0000000000000000     0x667d
 .debug_info    0x0000000000000000     0x1891 /usr/lib/gcc/arm-none-eabi/10.3.1/../../../arm-none-eabi/lib/thumb/v6-m/nofp/libstdc++.a(eh_alloc.o)
 .debug_info    0x0000000000001891       0x26 /usr/lib/gcc/arm-none-eabi/10.3.1/thumb/v6-m/nofp/libgcc.a(_dvmd_tls.o)
 .debug_info    0x00000000000018b7      0x92a /usr/lib/gcc/arm-none-eabi/10.3.1/../../../arm-none-eabi/lib/thumb/v6-m/nofp/libc.a(lib_a-impure.o)
 .debug_info    0x00000000000021e1      0x998 /usr/lib/gcc/arm-none-eabi/10.3.1/../../../arm-none-eabi/lib/thumb/v6-m/nofp/libc.a(lib_a-malloc.o)
 .debug_info    0x0000000000002b79      0xe80 /usr/lib/gcc/arm-none-eabi/10.3.1/../../../arm-none-eabi/lib/thumb/v6-m/nofp/libc.a(lib_a-mallocr.o)
 .debug_info    0x00000000000039f9      0x942 /usr/lib/gcc/arm-none-eabi/10.3.1/../../../arm-none-eabi/lib/thumb/v6-m/nofp/libc.a(lib_a-mlock.o)
 .debug_info    0x000000000000433b      0x98e /usr/lib/gcc/arm-none-eabi/10.3.1/../../../arm-none-eabi/lib/thumb/v6-m/nofp/libc.a(lib_a-sbrkr.o)
 .debug_info    0x0000000000004cc9       0xee /usr/lib/gcc/arm-none-eabi/10.3.1/../../../arm-none-eabi/lib/thumb/v6-m/nofp/libc.a(lib_a-strlen-stub.o)
 .debug_info    0x0000000000004db7      0xce5 /usr/lib/gcc/arm-none-eabi/10.3.1/../../../arm-none-eabi/lib/thumb/v6-m/nofp/libc.a(lib_a-freer.o)
 .debug_info    0x0000000000005a9c      0xbe1 /usr/lib/gcc/arm-none-eabi/10.3.1/../../../arm-none-eabi/lib/thumb/v6-m/nofp/libc.a(lib_a-reent.o)

.debug_abbrev   0x0000000000000000     0x17f3
 .debug_abbrev  0x0000000000000000      0x6ea /usr/lib/gcc/arm-none-eabi/10.3.1/../../../arm-none-eabi/lib/thumb/v6-m/nofp/libstdc++.a(eh_alloc.o)
 .debug_abbrev  0x00000000000006ea       0x14 /usr/lib/gcc/arm-none-eabi/10.3.1/thumb/v6-m/nofp/libgcc.a(_dvmd_tls.o)
 .debug_abbrev  0x00000000000006fe      0x1b8 /usr/lib/gcc/arm-none-eabi/10.3.1/../../../arm-none-eabi/lib/thumb/v6-m/nofp/libc.a(lib_a-impure.o)
 .debug_abbrev  0x00000000000008b6      0x21a /usr/lib/gcc/arm-none-eabi/10.3.1/../../../arm-none-eabi/lib/thumb/v6-m/nofp/libc.a(lib_a-malloc.o)
 .debug_abbrev  0x0000000000000ad0      0x2f6 /usr/lib/gcc/arm-none-eabi/10.3.1/../../../arm-none-eabi/lib/thumb/v6-m/nofp/libc.a(lib_a-mallocr.o)
 .debug_abbrev  0x0000000000000dc6      0x1f0 /usr/lib/gcc/arm-none-eabi/10.3.1/../../../arm-none-eabi/lib/thumb/v6-m/nofp/libc.a(lib_a-mlock.o)
 .debug_abbrev  0x0000000000000fb6      0x23d /usr/lib/gcc/arm-none-eabi/10.3.1/../../../arm-none-eabi/lib/thumb/v6-m/nofp/libc.a(lib_a-sbrkr.o)
 .debug_abbrev  0x00000000000011f3       0x8f /usr/lib/gcc/arm-none-eabi/10.3.1/../../../arm-none-eabi/lib/thumb/v6-m/nofp/libc.a(lib_a-strlen-stub.o)
 .debug_abbrev  0x0000000000001282      0x2a1 /usr/lib/gcc/arm-none-eabi/10.3.1/../../../arm-none-eabi/lib/thumb/v6-m/nofp/libc.a(lib_a-freer.o)
 .debug_abbrev  0x0000000000001523      0x2d0 /usr/lib/gcc/arm-none-eabi/10.3.1/../../../arm-none-eabi/lib/thumb/v6-m/nofp/libc.a(lib_a-reent.o)

.debug_loc      0x0000000000000000     0x1da8
 .debug_loc     0x0000000000000000      0x688 /usr/lib/gcc/arm-none-eabi/10.3.1/../../../arm-none-eabi/lib/thumb/v6-m/nofp/libstdc++.a(eh_alloc.o)
 .debug_loc     0x0000000000000688       0x64 /usr/lib/gcc/arm-none-eabi/10.3.1/../../../arm-none-eabi/lib/thumb/v6-m/nofp/libc.a(lib_a-malloc.o)
 .debug_loc     0x00000000000006ec      0xef0 /usr/lib/gcc/arm-none-eabi/10.3.1/../../../arm-none-eabi/lib/thumb/v6-m/nofp/libc.a(lib_a-mallocr.o)
 .debug_loc     0x00000000000015dc       0x79 /usr/lib/gcc/arm-none-eabi/10.3.1/../../../arm-none-eabi/lib/thumb/v6-m/nofp/libc.a(lib_a-sbrkr.o)
 .debug_loc     0x0000000000001655       0x90 /usr/lib/gcc/arm-none-eabi/10.3.1/../../../arm-none-eabi/lib/thumb/v6-m/nofp/libc.a(lib_a-strlen-stub.o)
 .debug_loc     0x00000000000016e5      0x4e3 /usr/lib/gcc/arm-none-eabi/10.3.1/../../../arm-none-eabi/lib/thumb/v6-m/nofp/libc.a(lib_a-freer.o)
 .debug_loc     0x0000000000001bc8      0x1e0 /usr/lib/gcc/arm-none-eabi/10.3.1/../../../arm-none-eabi/lib/thumb/v6-m/nofp/libc.a(lib_a-reent.o)

.debug_aranges  0x0000000000000000      0x170
 .debug_aranges
                0x0000000000000000       0x58 /usr/lib/gcc/arm-none-eabi/10.3.1/../../../arm-none-eabi/lib/thumb/v6-m/nofp/libstdc++.a(eh_alloc.o)
 .debug_aranges
                0x0000000000000058       0x20 /usr/lib/gcc/arm-none-eabi/10.3.1/thumb/v6-m/nofp/libgcc.a(_dvmd_tls.o)
 .debug_aranges
                0x0000000000000078       0x18 /usr/lib/gcc/arm-none-eabi/10.3.1/../../../arm-none-eabi/lib/thumb/v6-m/nofp/libc.a(lib_a-impure.o)
 .debug_aranges
                0x0000000000000090       0x20 /usr/lib/gcc/arm-none-eabi/10.3.1/../../../arm-none-eabi/lib/thumb/v6-m/nofp/libc.a(lib_a-malloc.o)
 .debug_aranges
                0x00000000000000b0       0x20 /usr/lib/gcc/arm-none-eabi/10.3.1/../../../arm-none-eabi/lib/thumb/v6-m/nofp/libc.a(lib_a-mallocr.o)
 .debug_aranges
                0x00000000000000d0       0x20 /usr/lib/gcc/arm-none-eabi/10.3.1/../../../arm-none-eabi/lib/thumb/v6-m/nofp/libc.a(lib_a-mlock.o)
 .debug_aranges
                0x00000000000000f0       0x20 /usr/lib/gcc/arm-none-eabi/10.3.1/../../../arm-none-eabi/lib/thumb/v6-m/nofp/libc.a(lib_a-sbrkr.o)
 .debug_aranges
                0x0000000000000110       0x20 /usr/lib/gcc/arm-none-eabi/10.3.1/../../../arm-none-eabi/lib/thumb/v6-m/nofp/libc.a(lib_a-strlen-stub.o)
 .debug_aranges
                0x0000000000000130       0x20 /usr/lib/gcc/arm-none-eabi/10.3.1/../../../arm-none-eabi/lib/thumb/v6-m/nofp/libc.a(lib_a-freer.o)
 .debug_aranges
                0x0000000000000150       0x20 /usr/lib/gcc/arm-none-eabi/10.3.1/../../../arm-none-eabi/lib/thumb/v6-m/nofp/libc.a(lib_a-reent.o)

.debug_ranges   0x0000000000000000      0x210
 .debug_ranges  0x0000000000000000      0x1c0 /usr/lib/gcc/arm-none-eabi/10.3.1/../../../arm-none-eabi/lib/thumb/v6-m/nofp/libstdc++.a(eh_alloc.o)
 .debug_ranges  0x00000000000001c0       0x50 /usr/lib/gcc/arm-none-eabi/10.3.1/../../../arm-none-eabi/lib/thumb/v6-m/nofp/libc.a(lib_a-mallocr.o)

.debug_line     0x0000000000000000     0x1ed2
 .debug_line    0x0000000000000000      0x819 /usr/lib/gcc/arm-none-eabi/10.3.1/../../../arm-none-eabi/lib/thumb/v6-m/nofp/libstdc++.a(eh_alloc.o)
 .debug_line    0x0000000000000819       0x60 /usr/lib/gcc/arm-none-eabi/10.3.1/thumb/v6-m/nofp/libgcc.a(_dvmd_tls.o)
 .debug_line    0x0000000000000879       0xe4 /usr/lib/gcc/arm-none-eabi/10.3.1/../../../arm-none-eabi/lib/thumb/v6-m/nofp/libc.a(lib_a-impure.o)
 .debug_line    0x000000000000095d      0x165 /usr/lib/gcc/arm-none-eabi/10.3.1/../../../arm-none-eabi/lib/thumb/v6-m/nofp/libc.a(lib_a-malloc.o)
 .debug_line    0x0000000000000ac2      0x8e2 /usr/lib/gcc/arm-none-eabi/10.3.1/../../../arm-none-eabi/lib/thumb/v6-m/nofp/libc.a(lib_a-mallocr.o)
 .debug_line    0x00000000000013a4      0x13e /usr/lib/gcc/arm-none-eabi/10.3.1/../../../arm-none-eabi/lib/thumb/v6-m/nofp/libc.a(lib_a-mlock.o)
 .debug_line    0x00000000000014e2      0x183 /usr/lib/gcc/arm-none-eabi/10.3.1/../../../arm-none-eabi/lib/thumb/v6-m/nofp/libc.a(lib_a-sbrkr.o)
 .debug_line    0x0000000000001665      0x172 /usr/lib/gcc/arm-none-eabi/10.3.1/../../../arm-none-eabi/lib/thumb/v6-m/nofp/libc.a(lib_a-strlen-stub.o)
 .debug_line    0x00000000000017d7      0x47d /usr/lib/gcc/arm-none-eabi/10.3.1/../../../arm-none-eabi/lib/thumb/v6-m/nofp/libc.a(lib_a-freer.o)
 .debug_line    0x0000000000001c54      0x27e /usr/lib/gcc/arm-none-eabi/10.3.1/../../../arm-none-eabi/lib/thumb/v6-m/nofp/libc.a(lib_a-reent.o)

.debug_str      0x0000000000000000     0x1745
 .debug_str     0x0000000000000000      0xd5d /usr/lib/gcc/arm-none-eabi/10.3.1/../../../arm-none-eabi/lib/thumb/v6-m/nofp/libstdc++.a(eh_alloc.o)
                                        0xe61 (size before relaxing)
 .debug_str     0x0000000000000d5d       0xa6 /usr/lib/gcc/arm-none-eabi/10.3.1/thumb/v6-m/nofp/libgcc.a(_dvmd_tls.o)
 .debug_str     0x0000000000000e03      0x4a8 /usr/lib/gcc/arm-none-eabi/10.3.1/../../../arm-none-eabi/lib/thumb/v6-m/nofp/libc.a(lib_a-impure.o)
                                        0x57b (size before relaxing)
 .debug_str     0x00000000000012ab       0xab /usr/lib/gcc/arm-none-eabi/10.3.1/../../../arm-none-eabi/lib/thumb/v6-m/nofp/libc.a(lib_a-malloc.o)
                                        0x58f (size before relaxing)
 .debug_str     0x0000000000001356      0x217 /usr/lib/gcc/arm-none-eabi/10.3.1/../../../arm-none-eabi/lib/thumb/v6-m/nofp/libc.a(lib_a-mallocr.o)
                                        0x780 (size before relaxing)
 .debug_str     0x000000000000156d       0x4c /usr/lib/gcc/arm-none-eabi/10.3.1/../../../arm-none-eabi/lib/thumb/v6-m/nofp/libc.a(lib_a-mlock.o)
                                        0x588 (size before relaxing)
 .debug_str     0x00000000000015b9       0x47 /usr/lib/gcc/arm-none-eabi/10.3.1/../../../arm-none-eabi/lib/thumb/v6-m/nofp/libc.a(lib_a-sbrkr.o)
                                        0x572 (size before relaxing)
 .debug_str     0x0000000000001600       0xb3 /usr/lib/gcc/arm-none-eabi/10.3.1/../../../arm-none-eabi/lib/thumb/v6-m/nofp/libc.a(lib_a-strlen-stub.o)
                                        0x1c5 (size before relaxing)
 .debug_str     0x00000000000016b3       0x34 /usr/lib/gcc/arm-none-eabi/10.3.1/../../../arm-none-eabi/lib/thumb/v6-m/nofp/libc.a(lib_a-freer.o)
                                        0x6ca (size before relaxing)
 .debug_str     0x00000000000016e7       0x5e /usr/lib/gcc/arm-none-eabi/10.3.1/../../../arm-none-eabi/lib/thumb/v6-m/nofp/libc.a(lib_a-reent.o)
                                        0x59a (size before relaxing)

.debug_frame    0x0000000000000000      0x280
 .debug_frame   0x0000000000000000       0xdc /usr/lib/gcc/arm-none-eabi/10.3.1/../../../arm-none-eabi/lib/thumb/v6-m/nofp/libstdc++.a(eh_alloc.o)
 .debug_frame   0x00000000000000dc       0x40 /usr/lib/gcc/arm-none-eabi/10.3.1/../../../arm-none-eabi/lib/thumb/v6-m/nofp/libc.a(lib_a-malloc.o)
 .debug_frame   0x000000000000011c       0x3c /usr/lib/gcc/arm-none-eabi/10.3.1/../../../arm-none-eabi/lib/thumb/v6-m/nofp/libc.a(lib_a-mallocr.o)
 .debug_frame   0x0000000000000158       0x30 /usr/lib/gcc/arm-none-eabi/10.3.1/../../../arm-none-eabi/lib/thumb/v6-m/nofp/libc.a(lib_a-mlock.o)
 .debug_frame   0x0000000000000188       0x2c /usr/lib/gcc/arm-none-eabi/10.3.1/../../../arm-none-eabi/lib/thumb/v6-m/nofp/libc.a(lib_a-sbrkr.o)
 .debug_frame   0x00000000000001b4       0x28 /usr/lib/gcc/arm-none-eabi/10.3.1/../../../arm-none-eabi/lib/thumb/v6-m/nofp/libc.a(lib_a-strlen-stub.o)
 .debug_frame   0x00000000000001dc       0x54 /usr/lib/gcc/arm-none-eabi/10.3.1/../../../arm-none-eabi/lib/thumb/v6-m/nofp/libc.a(lib_a-freer.o)
 .debug_frame   0x0000000000000230       0x50 /usr/lib/gcc/arm-none-eabi/10.3.1/../../../arm-none-eabi/lib/thumb/v6-m/nofp/libc.a(lib_a-reent.o)

.stabstr        0x0000000000000000       0xab
 .stabstr       0x0000000000000000       0xab /usr/lib/gcc/arm-none-eabi/10.3.1/../../../arm-none-eabi/lib/thumb/v6-m/nofp/libnosys.a(close.o)
